Copyright 1986-2022 Xilinx, Inc. All Rights Reserved. Copyright 2022-2024 Advanced Micro Devices, Inc. All Rights Reserved.
---------------------------------------------------------------------------------------------------------------------------------------------
| Tool Version : Vivado v.2024.2 (win64) Build 5239630 Fri Nov 08 22:35:27 MST 2024
| Date         : Wed Apr 29 12:21:20 2026
| Host         : Vrnnn running 64-bit major release  (build 9200)
| Command      : report_drc -file top_drc_routed.rpt -pb top_drc_routed.pb -rpx top_drc_routed.rpx
| Design       : top
| Device       : xc7s50csga324-1
| Speed File   : -1
| Design State : Fully Routed
---------------------------------------------------------------------------------------------------------------------------------------------

Report DRC

Table of Contents
-----------------
1. REPORT SUMMARY
2. REPORT DETAILS

1. REPORT SUMMARY
-----------------
            Netlist: netlist
          Floorplan: design_1
      Design limits: <entire design considered>
           Ruledeck: default
             Max checks: <unlimited>
             Checks found: 64
+-----------+----------+------------------------------------------------+--------+
| Rule      | Severity | Description                                    | Checks |
+-----------+----------+------------------------------------------------+--------+
| CHECK-3   | Warning  | Report rule limit reached                      | 2      |
| DPIP-1    | Warning  | Input pipelining                               | 8      |
| PDRC-132  | Warning  | SLICE_PairEqSame_A6A5_WARN                     | 1      |
| PDRC-138  | Warning  | SLICE_PairEqSame_D6D5_WARN                     | 2      |
| PDRC-146  | Warning  | SLICE_PairEqSame_D6D5_WARN                     | 2      |
| PLIO-6    | Warning  | Placement Constraints Check for IO constraints | 4      |
| REQP-1615 | Warning  | use_IOB_register                               | 1      |
| REQP-1616 | Warning  | use_IOB_register                               | 3      |
| REQP-1709 | Warning  | Clock output buffering                         | 1      |
| REQP-1839 | Warning  | RAMB36 async control check                     | 20     |
| REQP-1840 | Warning  | RAMB18 async control check                     | 20     |
+-----------+----------+------------------------------------------------+--------+

2. REPORT DETAILS
-----------------
CHECK-3#1 Warning
Report rule limit reached  
REQP-1839 rule limit reached: 20 violations have been found.
Related violations: <none>

CHECK-3#2 Warning
Report rule limit reached  
REQP-1840 rule limit reached: 20 violations have been found.
Related violations: <none>

DPIP-1#1 Warning
Input pipelining  
DSP u_top/u_soc/u_core/u_core/u_muldiv/mult_result_w input u_top/u_soc/u_core/u_core/u_muldiv/mult_result_w/A[29:0] is not pipelined. Pipelining DSP48 input will improve performance.
Related violations: <none>

DPIP-1#2 Warning
Input pipelining  
DSP u_top/u_soc/u_core/u_core/u_muldiv/mult_result_w input u_top/u_soc/u_core/u_core/u_muldiv/mult_result_w/B[17:0] is not pipelined. Pipelining DSP48 input will improve performance.
Related violations: <none>

DPIP-1#3 Warning
Input pipelining  
DSP u_top/u_soc/u_core/u_core/u_muldiv/mult_result_w__0 input u_top/u_soc/u_core/u_core/u_muldiv/mult_result_w__0/A[29:0] is not pipelined. Pipelining DSP48 input will improve performance.
Related violations: <none>

DPIP-1#4 Warning
Input pipelining  
DSP u_top/u_soc/u_core/u_core/u_muldiv/mult_result_w__0 input u_top/u_soc/u_core/u_core/u_muldiv/mult_result_w__0/B[17:0] is not pipelined. Pipelining DSP48 input will improve performance.
Related violations: <none>

DPIP-1#5 Warning
Input pipelining  
DSP u_top/u_soc/u_core/u_core/u_muldiv/mult_result_w__1 input u_top/u_soc/u_core/u_core/u_muldiv/mult_result_w__1/A[29:0] is not pipelined. Pipelining DSP48 input will improve performance.
Related violations: <none>

DPIP-1#6 Warning
Input pipelining  
DSP u_top/u_soc/u_core/u_core/u_muldiv/mult_result_w__1 input u_top/u_soc/u_core/u_core/u_muldiv/mult_result_w__1/B[17:0] is not pipelined. Pipelining DSP48 input will improve performance.
Related violations: <none>

DPIP-1#7 Warning
Input pipelining  
DSP u_top/u_soc/u_core/u_core/u_muldiv/mult_result_w__2 input u_top/u_soc/u_core/u_core/u_muldiv/mult_result_w__2/A[29:0] is not pipelined. Pipelining DSP48 input will improve performance.
Related violations: <none>

DPIP-1#8 Warning
Input pipelining  
DSP u_top/u_soc/u_core/u_core/u_muldiv/mult_result_w__2 input u_top/u_soc/u_core/u_core/u_muldiv/mult_result_w__2/B[17:0] is not pipelined. Pipelining DSP48 input will improve performance.
Related violations: <none>

PDRC-132#1 Warning
SLICE_PairEqSame_A6A5_WARN  
Luts A6LUT and A5LUT in use in site SLICE_X55Y30 with different equations without A6 pin connected to Global Logic High.
Related violations: <none>

PDRC-138#1 Warning
SLICE_PairEqSame_D6D5_WARN  
Luts D6LUT and D5LUT in use in site SLICE_X40Y35 with different equations without A6 pin connected to Global Logic High.
Related violations: <none>

PDRC-138#2 Warning
SLICE_PairEqSame_D6D5_WARN  
Luts D6LUT and D5LUT in use in site SLICE_X47Y45 with different equations without A6 pin connected to Global Logic High.
Related violations: <none>

PDRC-146#1 Warning
SLICE_PairEqSame_D6D5_WARN  
Luts D6LUT and D5LUT in use in site SLICE_X38Y36 with different equations without A6 pin connected to Global Logic High.
Related violations: <none>

PDRC-146#2 Warning
SLICE_PairEqSame_D6D5_WARN  
Luts D6LUT and D5LUT in use in site SLICE_X46Y44 with different equations without A6 pin connected to Global Logic High.
Related violations: <none>

PLIO-6#1 Warning
Placement Constraints Check for IO constraints  
Invalid constraint on register u_top/u_dbg/u_uart/txd_q_reg. It has the property IOB=TRUE, but it is not driving or driven by any IO element.
Related violations: <none>

PLIO-6#2 Warning
Placement Constraints Check for IO constraints  
Invalid constraint on register u_top/u_soc/u_soc/u_spi/spi_mosi_q_reg. It has the property IOB=TRUE, but it is not driving or driven by any IO element.
Related violations: <none>

PLIO-6#3 Warning
Placement Constraints Check for IO constraints  
Invalid constraint on register u_top/u_soc/u_soc/u_spi/spi_ssr_value_q_reg. It has the property IOB=TRUE, but it is not driving or driven by any IO element.
Related violations: <none>

PLIO-6#4 Warning
Placement Constraints Check for IO constraints  
Invalid constraint on register u_top/u_soc/u_soc/u_uart/txd_q_reg. It has the property IOB=TRUE, but it is not driving or driven by any IO element.
Related violations: <none>

REQP-1615#1 Warning
use_IOB_register  
The FDCE cell u_top/u_soc/u_soc/u_spi/spi_mosi_q_reg has IOB set to TRUE, but does not connect directly to an IO cell. Remove the constraint or ensure the FDCE is properly connected to an IO.
Related violations: <none>

REQP-1616#1 Warning
use_IOB_register  
The FDPE cell u_top/u_dbg/u_uart/txd_q_reg has IOB set to TRUE, but does not connect directly to an IO cell. Remove the constraint or ensure the FDPE is properly connected to an IO.
Related violations: <none>

REQP-1616#2 Warning
use_IOB_register  
The FDPE cell u_top/u_soc/u_soc/u_spi/spi_ssr_value_q_reg has IOB set to TRUE, but does not connect directly to an IO cell. Remove the constraint or ensure the FDPE is properly connected to an IO.
Related violations: <none>

REQP-1616#3 Warning
use_IOB_register  
The FDPE cell u_top/u_soc/u_soc/u_uart/txd_q_reg has IOB set to TRUE, but does not connect directly to an IO cell. Remove the constraint or ensure the FDPE is properly connected to an IO.
Related violations: <none>

REQP-1709#1 Warning
Clock output buffering  
PLLE2_ADV connectivity violation. The signal u_pll/clkfbout_w on the u_pll/u_pll/CLKFBOUT pin of u_pll/u_pll does not drive the same kind of BUFFER load as the other CLKOUT pins. Routing from the different buffer types will not be phase aligned and therefore zero hold time at the IO flip-flop(s) may not be met.
Related violations: <none>

REQP-1839#1 Warning
RAMB36 async control check  
The RAMB36E1 u_top/u_soc/u_core/u_icache/u_data0/ram_reg_0 has an input control pin u_top/u_soc/u_core/u_icache/u_data0/ram_reg_0/ADDRARDADDR[14] (net: u_top/u_soc/u_core/u_icache/u_data0/addr_i[10]) which is driven by a register (u_top/u_soc/u_core/u_core/u_lsu/mem_addr_q_reg[12]) that has an active asychronous set or reset. This may cause corruption of the memory contents and/or read values when the set/reset is asserted and is not analyzed by the default static timing analysis. It is suggested to eliminate the use of a set/reset to registers driving this RAMB pin or else use a synchronous reset in which the assertion of the reset is timed by default.
Related violations: <none>

REQP-1839#2 Warning
RAMB36 async control check  
The RAMB36E1 u_top/u_soc/u_core/u_icache/u_data0/ram_reg_0 has an input control pin u_top/u_soc/u_core/u_icache/u_data0/ram_reg_0/ADDRARDADDR[14] (net: u_top/u_soc/u_core/u_icache/u_data0/addr_i[10]) which is driven by a register (u_top/u_soc/u_core/u_core/u_lsu/mem_addr_q_reg[14]) that has an active asychronous set or reset. This may cause corruption of the memory contents and/or read values when the set/reset is asserted and is not analyzed by the default static timing analysis. It is suggested to eliminate the use of a set/reset to registers driving this RAMB pin or else use a synchronous reset in which the assertion of the reset is timed by default.
Related violations: <none>

REQP-1839#3 Warning
RAMB36 async control check  
The RAMB36E1 u_top/u_soc/u_core/u_icache/u_data0/ram_reg_0 has an input control pin u_top/u_soc/u_core/u_icache/u_data0/ram_reg_0/ADDRARDADDR[14] (net: u_top/u_soc/u_core/u_icache/u_data0/addr_i[10]) which is driven by a register (u_top/u_soc/u_core/u_core/u_lsu/mem_addr_q_reg[16]) that has an active asychronous set or reset. This may cause corruption of the memory contents and/or read values when the set/reset is asserted and is not analyzed by the default static timing analysis. It is suggested to eliminate the use of a set/reset to registers driving this RAMB pin or else use a synchronous reset in which the assertion of the reset is timed by default.
Related violations: <none>

REQP-1839#4 Warning
RAMB36 async control check  
The RAMB36E1 u_top/u_soc/u_core/u_icache/u_data0/ram_reg_0 has an input control pin u_top/u_soc/u_core/u_icache/u_data0/ram_reg_0/ADDRARDADDR[14] (net: u_top/u_soc/u_core/u_icache/u_data0/addr_i[10]) which is driven by a register (u_top/u_soc/u_core/u_core/u_lsu/mem_addr_q_reg[20]) that has an active asychronous set or reset. This may cause corruption of the memory contents and/or read values when the set/reset is asserted and is not analyzed by the default static timing analysis. It is suggested to eliminate the use of a set/reset to registers driving this RAMB pin or else use a synchronous reset in which the assertion of the reset is timed by default.
Related violations: <none>

REQP-1839#5 Warning
RAMB36 async control check  
The RAMB36E1 u_top/u_soc/u_core/u_icache/u_data0/ram_reg_0 has an input control pin u_top/u_soc/u_core/u_icache/u_data0/ram_reg_0/ADDRARDADDR[14] (net: u_top/u_soc/u_core/u_icache/u_data0/addr_i[10]) which is driven by a register (u_top/u_soc/u_core/u_core/u_lsu/mem_addr_q_reg[24]) that has an active asychronous set or reset. This may cause corruption of the memory contents and/or read values when the set/reset is asserted and is not analyzed by the default static timing analysis. It is suggested to eliminate the use of a set/reset to registers driving this RAMB pin or else use a synchronous reset in which the assertion of the reset is timed by default.
Related violations: <none>

REQP-1839#6 Warning
RAMB36 async control check  
The RAMB36E1 u_top/u_soc/u_core/u_icache/u_data0/ram_reg_0 has an input control pin u_top/u_soc/u_core/u_icache/u_data0/ram_reg_0/ADDRARDADDR[14] (net: u_top/u_soc/u_core/u_icache/u_data0/addr_i[10]) which is driven by a register (u_top/u_soc/u_core/u_core/u_lsu/mem_addr_q_reg[26]) that has an active asychronous set or reset. This may cause corruption of the memory contents and/or read values when the set/reset is asserted and is not analyzed by the default static timing analysis. It is suggested to eliminate the use of a set/reset to registers driving this RAMB pin or else use a synchronous reset in which the assertion of the reset is timed by default.
Related violations: <none>

REQP-1839#7 Warning
RAMB36 async control check  
The RAMB36E1 u_top/u_soc/u_core/u_icache/u_data0/ram_reg_0 has an input control pin u_top/u_soc/u_core/u_icache/u_data0/ram_reg_0/ADDRARDADDR[14] (net: u_top/u_soc/u_core/u_icache/u_data0/addr_i[10]) which is driven by a register (u_top/u_soc/u_core/u_core/u_lsu/mem_addr_q_reg[27]) that has an active asychronous set or reset. This may cause corruption of the memory contents and/or read values when the set/reset is asserted and is not analyzed by the default static timing analysis. It is suggested to eliminate the use of a set/reset to registers driving this RAMB pin or else use a synchronous reset in which the assertion of the reset is timed by default.
Related violations: <none>

REQP-1839#8 Warning
RAMB36 async control check  
The RAMB36E1 u_top/u_soc/u_core/u_icache/u_data0/ram_reg_0 has an input control pin u_top/u_soc/u_core/u_icache/u_data0/ram_reg_0/ADDRARDADDR[14] (net: u_top/u_soc/u_core/u_icache/u_data0/addr_i[10]) which is driven by a register (u_top/u_soc/u_core/u_core/u_lsu/mem_addr_q_reg[28]) that has an active asychronous set or reset. This may cause corruption of the memory contents and/or read values when the set/reset is asserted and is not analyzed by the default static timing analysis. It is suggested to eliminate the use of a set/reset to registers driving this RAMB pin or else use a synchronous reset in which the assertion of the reset is timed by default.
Related violations: <none>

REQP-1839#9 Warning
RAMB36 async control check  
The RAMB36E1 u_top/u_soc/u_core/u_icache/u_data0/ram_reg_0 has an input control pin u_top/u_soc/u_core/u_icache/u_data0/ram_reg_0/ADDRARDADDR[14] (net: u_top/u_soc/u_core/u_icache/u_data0/addr_i[10]) which is driven by a register (u_top/u_soc/u_core/u_core/u_lsu/mem_addr_q_reg[29]) that has an active asychronous set or reset. This may cause corruption of the memory contents and/or read values when the set/reset is asserted and is not analyzed by the default static timing analysis. It is suggested to eliminate the use of a set/reset to registers driving this RAMB pin or else use a synchronous reset in which the assertion of the reset is timed by default.
Related violations: <none>

REQP-1839#10 Warning
RAMB36 async control check  
The RAMB36E1 u_top/u_soc/u_core/u_icache/u_data0/ram_reg_0 has an input control pin u_top/u_soc/u_core/u_icache/u_data0/ram_reg_0/ADDRARDADDR[14] (net: u_top/u_soc/u_core/u_icache/u_data0/addr_i[10]) which is driven by a register (u_top/u_soc/u_core/u_core/u_lsu/mem_addr_q_reg[30]) that has an active asychronous set or reset. This may cause corruption of the memory contents and/or read values when the set/reset is asserted and is not analyzed by the default static timing analysis. It is suggested to eliminate the use of a set/reset to registers driving this RAMB pin or else use a synchronous reset in which the assertion of the reset is timed by default.
Related violations: <none>

REQP-1839#11 Warning
RAMB36 async control check  
The RAMB36E1 u_top/u_soc/u_core/u_icache/u_data0/ram_reg_0 has an input control pin u_top/u_soc/u_core/u_icache/u_data0/ram_reg_0/ADDRARDADDR[14] (net: u_top/u_soc/u_core/u_icache/u_data0/addr_i[10]) which is driven by a register (u_top/u_soc/u_core/u_core/u_mmu/store_q_reg[0]) that has an active asychronous set or reset. This may cause corruption of the memory contents and/or read values when the set/reset is asserted and is not analyzed by the default static timing analysis. It is suggested to eliminate the use of a set/reset to registers driving this RAMB pin or else use a synchronous reset in which the assertion of the reset is timed by default.
Related violations: <none>

REQP-1839#12 Warning
RAMB36 async control check  
The RAMB36E1 u_top/u_soc/u_core/u_icache/u_data0/ram_reg_0 has an input control pin u_top/u_soc/u_core/u_icache/u_data0/ram_reg_0/ADDRARDADDR[14] (net: u_top/u_soc/u_core/u_icache/u_data0/addr_i[10]) which is driven by a register (u_top/u_soc/u_core/u_core/u_mmu/store_q_reg[1]) that has an active asychronous set or reset. This may cause corruption of the memory contents and/or read values when the set/reset is asserted and is not analyzed by the default static timing analysis. It is suggested to eliminate the use of a set/reset to registers driving this RAMB pin or else use a synchronous reset in which the assertion of the reset is timed by default.
Related violations: <none>

REQP-1839#13 Warning
RAMB36 async control check  
The RAMB36E1 u_top/u_soc/u_core/u_icache/u_data0/ram_reg_0 has an input control pin u_top/u_soc/u_core/u_icache/u_data0/ram_reg_0/ADDRARDADDR[14] (net: u_top/u_soc/u_core/u_icache/u_data0/addr_i[10]) which is driven by a register (u_top/u_soc/u_core/u_core/u_mmu/store_q_reg[2]) that has an active asychronous set or reset. This may cause corruption of the memory contents and/or read values when the set/reset is asserted and is not analyzed by the default static timing analysis. It is suggested to eliminate the use of a set/reset to registers driving this RAMB pin or else use a synchronous reset in which the assertion of the reset is timed by default.
Related violations: <none>

REQP-1839#14 Warning
RAMB36 async control check  
The RAMB36E1 u_top/u_soc/u_core/u_icache/u_data0/ram_reg_0 has an input control pin u_top/u_soc/u_core/u_icache/u_data0/ram_reg_0/ADDRARDADDR[14] (net: u_top/u_soc/u_core/u_icache/u_data0/addr_i[10]) which is driven by a register (u_top/u_soc/u_core/u_core/u_mmu/store_q_reg[3]) that has an active asychronous set or reset. This may cause corruption of the memory contents and/or read values when the set/reset is asserted and is not analyzed by the default static timing analysis. It is suggested to eliminate the use of a set/reset to registers driving this RAMB pin or else use a synchronous reset in which the assertion of the reset is timed by default.
Related violations: <none>

REQP-1839#15 Warning
RAMB36 async control check  
The RAMB36E1 u_top/u_soc/u_core/u_icache/u_data0/ram_reg_0 has an input control pin u_top/u_soc/u_core/u_icache/u_data0/ram_reg_0/ADDRARDADDR[14] (net: u_top/u_soc/u_core/u_icache/u_data0/addr_i[10]) which is driven by a register (u_top/u_soc/u_core/u_dport_bridge/u_req/count_q_reg[0]) that has an active asychronous set or reset. This may cause corruption of the memory contents and/or read values when the set/reset is asserted and is not analyzed by the default static timing analysis. It is suggested to eliminate the use of a set/reset to registers driving this RAMB pin or else use a synchronous reset in which the assertion of the reset is timed by default.
Related violations: <none>

REQP-1839#16 Warning
RAMB36 async control check  
The RAMB36E1 u_top/u_soc/u_core/u_icache/u_data0/ram_reg_0 has an input control pin u_top/u_soc/u_core/u_icache/u_data0/ram_reg_0/ADDRARDADDR[14] (net: u_top/u_soc/u_core/u_icache/u_data0/addr_i[10]) which is driven by a register (u_top/u_soc/u_core/u_dport_bridge/u_req/count_q_reg[1]) that has an active asychronous set or reset. This may cause corruption of the memory contents and/or read values when the set/reset is asserted and is not analyzed by the default static timing analysis. It is suggested to eliminate the use of a set/reset to registers driving this RAMB pin or else use a synchronous reset in which the assertion of the reset is timed by default.
Related violations: <none>

REQP-1839#17 Warning
RAMB36 async control check  
The RAMB36E1 u_top/u_soc/u_core/u_icache/u_data0/ram_reg_0 has an input control pin u_top/u_soc/u_core/u_icache/u_data0/ram_reg_0/ADDRARDADDR[14] (net: u_top/u_soc/u_core/u_icache/u_data0/addr_i[10]) which is driven by a register (u_top/u_soc/u_core/u_dport_bridge/u_req/count_q_reg[2]) that has an active asychronous set or reset. This may cause corruption of the memory contents and/or read values when the set/reset is asserted and is not analyzed by the default static timing analysis. It is suggested to eliminate the use of a set/reset to registers driving this RAMB pin or else use a synchronous reset in which the assertion of the reset is timed by default.
Related violations: <none>

REQP-1839#18 Warning
RAMB36 async control check  
The RAMB36E1 u_top/u_soc/u_core/u_icache/u_data0/ram_reg_0 has an input control pin u_top/u_soc/u_core/u_icache/u_data0/ram_reg_0/ADDRARDADDR[14] (net: u_top/u_soc/u_core/u_icache/u_data0/addr_i[10]) which is driven by a register (u_top/u_soc/u_core/u_dport_bridge/u_resp/count_q_reg[0]) that has an active asychronous set or reset. This may cause corruption of the memory contents and/or read values when the set/reset is asserted and is not analyzed by the default static timing analysis. It is suggested to eliminate the use of a set/reset to registers driving this RAMB pin or else use a synchronous reset in which the assertion of the reset is timed by default.
Related violations: <none>

REQP-1839#19 Warning
RAMB36 async control check  
The RAMB36E1 u_top/u_soc/u_core/u_icache/u_data0/ram_reg_0 has an input control pin u_top/u_soc/u_core/u_icache/u_data0/ram_reg_0/ADDRARDADDR[14] (net: u_top/u_soc/u_core/u_icache/u_data0/addr_i[10]) which is driven by a register (u_top/u_soc/u_core/u_dport_bridge/u_resp/count_q_reg[1]) that has an active asychronous set or reset. This may cause corruption of the memory contents and/or read values when the set/reset is asserted and is not analyzed by the default static timing analysis. It is suggested to eliminate the use of a set/reset to registers driving this RAMB pin or else use a synchronous reset in which the assertion of the reset is timed by default.
Related violations: <none>

REQP-1839#20 Warning
RAMB36 async control check  
The RAMB36E1 u_top/u_soc/u_core/u_icache/u_data0/ram_reg_0 has an input control pin u_top/u_soc/u_core/u_icache/u_data0/ram_reg_0/ADDRARDADDR[14] (net: u_top/u_soc/u_core/u_icache/u_data0/addr_i[10]) which is driven by a register (u_top/u_soc/u_core/u_dport_bridge/u_resp/count_q_reg[2]) that has an active asychronous set or reset. This may cause corruption of the memory contents and/or read values when the set/reset is asserted and is not analyzed by the default static timing analysis. It is suggested to eliminate the use of a set/reset to registers driving this RAMB pin or else use a synchronous reset in which the assertion of the reset is timed by default.
Related violations: <none>

REQP-1840#1 Warning
RAMB18 async control check  
The RAMB18E1 u_top/u_soc/u_core/u_icache/u_tag0/ram_reg has an input control pin u_top/u_soc/u_core/u_icache/u_tag0/ram_reg/ADDRARDADDR[11] (net: u_top/u_soc/u_core/u_icache/u_tag0/ADDRARDADDR[7]) which is driven by a register (u_top/u_soc/u_core/u_core/u_lsu/mem_addr_q_reg[12]) that has an active asychronous set or reset. This may cause corruption of the memory contents and/or read values when the set/reset is asserted and is not analyzed by the default static timing analysis. It is suggested to eliminate the use of a set/reset to registers driving this RAMB pin or else use a synchronous reset in which the assertion of the reset is timed by default.
Related violations: <none>

REQP-1840#2 Warning
RAMB18 async control check  
The RAMB18E1 u_top/u_soc/u_core/u_icache/u_tag0/ram_reg has an input control pin u_top/u_soc/u_core/u_icache/u_tag0/ram_reg/ADDRARDADDR[11] (net: u_top/u_soc/u_core/u_icache/u_tag0/ADDRARDADDR[7]) which is driven by a register (u_top/u_soc/u_core/u_core/u_lsu/mem_addr_q_reg[14]) that has an active asychronous set or reset. This may cause corruption of the memory contents and/or read values when the set/reset is asserted and is not analyzed by the default static timing analysis. It is suggested to eliminate the use of a set/reset to registers driving this RAMB pin or else use a synchronous reset in which the assertion of the reset is timed by default.
Related violations: <none>

REQP-1840#3 Warning
RAMB18 async control check  
The RAMB18E1 u_top/u_soc/u_core/u_icache/u_tag0/ram_reg has an input control pin u_top/u_soc/u_core/u_icache/u_tag0/ram_reg/ADDRARDADDR[11] (net: u_top/u_soc/u_core/u_icache/u_tag0/ADDRARDADDR[7]) which is driven by a register (u_top/u_soc/u_core/u_core/u_lsu/mem_addr_q_reg[16]) that has an active asychronous set or reset. This may cause corruption of the memory contents and/or read values when the set/reset is asserted and is not analyzed by the default static timing analysis. It is suggested to eliminate the use of a set/reset to registers driving this RAMB pin or else use a synchronous reset in which the assertion of the reset is timed by default.
Related violations: <none>

REQP-1840#4 Warning
RAMB18 async control check  
The RAMB18E1 u_top/u_soc/u_core/u_icache/u_tag0/ram_reg has an input control pin u_top/u_soc/u_core/u_icache/u_tag0/ram_reg/ADDRARDADDR[11] (net: u_top/u_soc/u_core/u_icache/u_tag0/ADDRARDADDR[7]) which is driven by a register (u_top/u_soc/u_core/u_core/u_lsu/mem_addr_q_reg[20]) that has an active asychronous set or reset. This may cause corruption of the memory contents and/or read values when the set/reset is asserted and is not analyzed by the default static timing analysis. It is suggested to eliminate the use of a set/reset to registers driving this RAMB pin or else use a synchronous reset in which the assertion of the reset is timed by default.
Related violations: <none>

REQP-1840#5 Warning
RAMB18 async control check  
The RAMB18E1 u_top/u_soc/u_core/u_icache/u_tag0/ram_reg has an input control pin u_top/u_soc/u_core/u_icache/u_tag0/ram_reg/ADDRARDADDR[11] (net: u_top/u_soc/u_core/u_icache/u_tag0/ADDRARDADDR[7]) which is driven by a register (u_top/u_soc/u_core/u_core/u_lsu/mem_addr_q_reg[24]) that has an active asychronous set or reset. This may cause corruption of the memory contents and/or read values when the set/reset is asserted and is not analyzed by the default static timing analysis. It is suggested to eliminate the use of a set/reset to registers driving this RAMB pin or else use a synchronous reset in which the assertion of the reset is timed by default.
Related violations: <none>

REQP-1840#6 Warning
RAMB18 async control check  
The RAMB18E1 u_top/u_soc/u_core/u_icache/u_tag0/ram_reg has an input control pin u_top/u_soc/u_core/u_icache/u_tag0/ram_reg/ADDRARDADDR[11] (net: u_top/u_soc/u_core/u_icache/u_tag0/ADDRARDADDR[7]) which is driven by a register (u_top/u_soc/u_core/u_core/u_lsu/mem_addr_q_reg[26]) that has an active asychronous set or reset. This may cause corruption of the memory contents and/or read values when the set/reset is asserted and is not analyzed by the default static timing analysis. It is suggested to eliminate the use of a set/reset to registers driving this RAMB pin or else use a synchronous reset in which the assertion of the reset is timed by default.
Related violations: <none>

REQP-1840#7 Warning
RAMB18 async control check  
The RAMB18E1 u_top/u_soc/u_core/u_icache/u_tag0/ram_reg has an input control pin u_top/u_soc/u_core/u_icache/u_tag0/ram_reg/ADDRARDADDR[11] (net: u_top/u_soc/u_core/u_icache/u_tag0/ADDRARDADDR[7]) which is driven by a register (u_top/u_soc/u_core/u_core/u_lsu/mem_addr_q_reg[27]) that has an active asychronous set or reset. This may cause corruption of the memory contents and/or read values when the set/reset is asserted and is not analyzed by the default static timing analysis. It is suggested to eliminate the use of a set/reset to registers driving this RAMB pin or else use a synchronous reset in which the assertion of the reset is timed by default.
Related violations: <none>

REQP-1840#8 Warning
RAMB18 async control check  
The RAMB18E1 u_top/u_soc/u_core/u_icache/u_tag0/ram_reg has an input control pin u_top/u_soc/u_core/u_icache/u_tag0/ram_reg/ADDRARDADDR[11] (net: u_top/u_soc/u_core/u_icache/u_tag0/ADDRARDADDR[7]) which is driven by a register (u_top/u_soc/u_core/u_core/u_lsu/mem_addr_q_reg[28]) that has an active asychronous set or reset. This may cause corruption of the memory contents and/or read values when the set/reset is asserted and is not analyzed by the default static timing analysis. It is suggested to eliminate the use of a set/reset to registers driving this RAMB pin or else use a synchronous reset in which the assertion of the reset is timed by default.
Related violations: <none>

REQP-1840#9 Warning
RAMB18 async control check  
The RAMB18E1 u_top/u_soc/u_core/u_icache/u_tag0/ram_reg has an input control pin u_top/u_soc/u_core/u_icache/u_tag0/ram_reg/ADDRARDADDR[11] (net: u_top/u_soc/u_core/u_icache/u_tag0/ADDRARDADDR[7]) which is driven by a register (u_top/u_soc/u_core/u_core/u_lsu/mem_addr_q_reg[29]) that has an active asychronous set or reset. This may cause corruption of the memory contents and/or read values when the set/reset is asserted and is not analyzed by the default static timing analysis. It is suggested to eliminate the use of a set/reset to registers driving this RAMB pin or else use a synchronous reset in which the assertion of the reset is timed by default.
Related violations: <none>

REQP-1840#10 Warning
RAMB18 async control check  
The RAMB18E1 u_top/u_soc/u_core/u_icache/u_tag0/ram_reg has an input control pin u_top/u_soc/u_core/u_icache/u_tag0/ram_reg/ADDRARDADDR[11] (net: u_top/u_soc/u_core/u_icache/u_tag0/ADDRARDADDR[7]) which is driven by a register (u_top/u_soc/u_core/u_core/u_lsu/mem_addr_q_reg[30]) that has an active asychronous set or reset. This may cause corruption of the memory contents and/or read values when the set/reset is asserted and is not analyzed by the default static timing analysis. It is suggested to eliminate the use of a set/reset to registers driving this RAMB pin or else use a synchronous reset in which the assertion of the reset is timed by default.
Related violations: <none>

REQP-1840#11 Warning
RAMB18 async control check  
The RAMB18E1 u_top/u_soc/u_core/u_icache/u_tag0/ram_reg has an input control pin u_top/u_soc/u_core/u_icache/u_tag0/ram_reg/ADDRARDADDR[11] (net: u_top/u_soc/u_core/u_icache/u_tag0/ADDRARDADDR[7]) which is driven by a register (u_top/u_soc/u_core/u_core/u_mmu/store_q_reg[0]) that has an active asychronous set or reset. This may cause corruption of the memory contents and/or read values when the set/reset is asserted and is not analyzed by the default static timing analysis. It is suggested to eliminate the use of a set/reset to registers driving this RAMB pin or else use a synchronous reset in which the assertion of the reset is timed by default.
Related violations: <none>

REQP-1840#12 Warning
RAMB18 async control check  
The RAMB18E1 u_top/u_soc/u_core/u_icache/u_tag0/ram_reg has an input control pin u_top/u_soc/u_core/u_icache/u_tag0/ram_reg/ADDRARDADDR[11] (net: u_top/u_soc/u_core/u_icache/u_tag0/ADDRARDADDR[7]) which is driven by a register (u_top/u_soc/u_core/u_core/u_mmu/store_q_reg[1]) that has an active asychronous set or reset. This may cause corruption of the memory contents and/or read values when the set/reset is asserted and is not analyzed by the default static timing analysis. It is suggested to eliminate the use of a set/reset to registers driving this RAMB pin or else use a synchronous reset in which the assertion of the reset is timed by default.
Related violations: <none>

REQP-1840#13 Warning
RAMB18 async control check  
The RAMB18E1 u_top/u_soc/u_core/u_icache/u_tag0/ram_reg has an input control pin u_top/u_soc/u_core/u_icache/u_tag0/ram_reg/ADDRARDADDR[11] (net: u_top/u_soc/u_core/u_icache/u_tag0/ADDRARDADDR[7]) which is driven by a register (u_top/u_soc/u_core/u_core/u_mmu/store_q_reg[2]) that has an active asychronous set or reset. This may cause corruption of the memory contents and/or read values when the set/reset is asserted and is not analyzed by the default static timing analysis. It is suggested to eliminate the use of a set/reset to registers driving this RAMB pin or else use a synchronous reset in which the assertion of the reset is timed by default.
Related violations: <none>

REQP-1840#14 Warning
RAMB18 async control check  
The RAMB18E1 u_top/u_soc/u_core/u_icache/u_tag0/ram_reg has an input control pin u_top/u_soc/u_core/u_icache/u_tag0/ram_reg/ADDRARDADDR[11] (net: u_top/u_soc/u_core/u_icache/u_tag0/ADDRARDADDR[7]) which is driven by a register (u_top/u_soc/u_core/u_core/u_mmu/store_q_reg[3]) that has an active asychronous set or reset. This may cause corruption of the memory contents and/or read values when the set/reset is asserted and is not analyzed by the default static timing analysis. It is suggested to eliminate the use of a set/reset to registers driving this RAMB pin or else use a synchronous reset in which the assertion of the reset is timed by default.
Related violations: <none>

REQP-1840#15 Warning
RAMB18 async control check  
The RAMB18E1 u_top/u_soc/u_core/u_icache/u_tag0/ram_reg has an input control pin u_top/u_soc/u_core/u_icache/u_tag0/ram_reg/ADDRARDADDR[11] (net: u_top/u_soc/u_core/u_icache/u_tag0/ADDRARDADDR[7]) which is driven by a register (u_top/u_soc/u_core/u_dport_bridge/u_req/count_q_reg[0]) that has an active asychronous set or reset. This may cause corruption of the memory contents and/or read values when the set/reset is asserted and is not analyzed by the default static timing analysis. It is suggested to eliminate the use of a set/reset to registers driving this RAMB pin or else use a synchronous reset in which the assertion of the reset is timed by default.
Related violations: <none>

REQP-1840#16 Warning
RAMB18 async control check  
The RAMB18E1 u_top/u_soc/u_core/u_icache/u_tag0/ram_reg has an input control pin u_top/u_soc/u_core/u_icache/u_tag0/ram_reg/ADDRARDADDR[11] (net: u_top/u_soc/u_core/u_icache/u_tag0/ADDRARDADDR[7]) which is driven by a register (u_top/u_soc/u_core/u_dport_bridge/u_req/count_q_reg[1]) that has an active asychronous set or reset. This may cause corruption of the memory contents and/or read values when the set/reset is asserted and is not analyzed by the default static timing analysis. It is suggested to eliminate the use of a set/reset to registers driving this RAMB pin or else use a synchronous reset in which the assertion of the reset is timed by default.
Related violations: <none>

REQP-1840#17 Warning
RAMB18 async control check  
The RAMB18E1 u_top/u_soc/u_core/u_icache/u_tag0/ram_reg has an input control pin u_top/u_soc/u_core/u_icache/u_tag0/ram_reg/ADDRARDADDR[11] (net: u_top/u_soc/u_core/u_icache/u_tag0/ADDRARDADDR[7]) which is driven by a register (u_top/u_soc/u_core/u_dport_bridge/u_req/count_q_reg[2]) that has an active asychronous set or reset. This may cause corruption of the memory contents and/or read values when the set/reset is asserted and is not analyzed by the default static timing analysis. It is suggested to eliminate the use of a set/reset to registers driving this RAMB pin or else use a synchronous reset in which the assertion of the reset is timed by default.
Related violations: <none>

REQP-1840#18 Warning
RAMB18 async control check  
The RAMB18E1 u_top/u_soc/u_core/u_icache/u_tag0/ram_reg has an input control pin u_top/u_soc/u_core/u_icache/u_tag0/ram_reg/ADDRARDADDR[11] (net: u_top/u_soc/u_core/u_icache/u_tag0/ADDRARDADDR[7]) which is driven by a register (u_top/u_soc/u_core/u_dport_bridge/u_resp/count_q_reg[0]) that has an active asychronous set or reset. This may cause corruption of the memory contents and/or read values when the set/reset is asserted and is not analyzed by the default static timing analysis. It is suggested to eliminate the use of a set/reset to registers driving this RAMB pin or else use a synchronous reset in which the assertion of the reset is timed by default.
Related violations: <none>

REQP-1840#19 Warning
RAMB18 async control check  
The RAMB18E1 u_top/u_soc/u_core/u_icache/u_tag0/ram_reg has an input control pin u_top/u_soc/u_core/u_icache/u_tag0/ram_reg/ADDRARDADDR[11] (net: u_top/u_soc/u_core/u_icache/u_tag0/ADDRARDADDR[7]) which is driven by a register (u_top/u_soc/u_core/u_dport_bridge/u_resp/count_q_reg[1]) that has an active asychronous set or reset. This may cause corruption of the memory contents and/or read values when the set/reset is asserted and is not analyzed by the default static timing analysis. It is suggested to eliminate the use of a set/reset to registers driving this RAMB pin or else use a synchronous reset in which the assertion of the reset is timed by default.
Related violations: <none>

REQP-1840#20 Warning
RAMB18 async control check  
The RAMB18E1 u_top/u_soc/u_core/u_icache/u_tag0/ram_reg has an input control pin u_top/u_soc/u_core/u_icache/u_tag0/ram_reg/ADDRARDADDR[11] (net: u_top/u_soc/u_core/u_icache/u_tag0/ADDRARDADDR[7]) which is driven by a register (u_top/u_soc/u_core/u_dport_bridge/u_resp/count_q_reg[2]) that has an active asychronous set or reset. This may cause corruption of the memory contents and/or read values when the set/reset is asserted and is not analyzed by the default static timing analysis. It is suggested to eliminate the use of a set/reset to registers driving this RAMB pin or else use a synchronous reset in which the assertion of the reset is timed by default.
Related violations: <none>


